[template.viserlab.com/callzen/demos/index-two.html]
[backblue.gif]
[fade.gif]
[index.html]
[template.viserlab.com/callzen/demos/assets/images/favicon/favicon.png]
[template.viserlab.com/callzen/demos/assets/css/bootstrap.min.css]
[template.viserlab.com/callzen/demos/assets/css/fontawesome-all.min.css]
[template.viserlab.com/callzen/demos/assets/css/magnific-popup.css]
[template.viserlab.com/callzen/demos/assets/css/line-awesome.min.css]
[template.viserlab.com/callzen/demos/assets/css/slick.css]
[template.viserlab.com/callzen/demos/assets/css/flaticon.css]
[template.viserlab.com/callzen/demos/assets/css/odometer.css]
[template.viserlab.com/callzen/demos/assets/css/style.css]
[template.viserlab.com/callzen/demos/assets/images/logo/logo.png]
[template.viserlab.com/callzen/demos/about.html]
[template.viserlab.com/callzen/demos/index.html]
[template.viserlab.com/callzen/demos/services-details.html]
[template.viserlab.com/callzen/demos/work.html]
[template.viserlab.com/callzen/demos/pricing.html]
[template.viserlab.com/callzen/demos/faq.html]
[template.viserlab.com/callzen/demos/error.html]
[template.viserlab.com/callzen/demos/blog.html]
[template.viserlab.com/callzen/demos/blog-classic.html]
[template.viserlab.com/callzen/demos/services.html]
[template.viserlab.com/callzen/demos/blog-details.html]
[template.viserlab.com/callzen/demos/contact.html]
[template.viserlab.com/callzen/demos/registration.html]
[template.viserlab.com/callzen/demos/assets/images/home-01/cross.png]
[template.viserlab.com/callzen/demos/assets/images/home-01/shape-square.png]
[template.viserlab.com/callzen/demos/assets/images/home-01/shape-circle.png]
[template.viserlab.com/callzen/demos/assets/images/home-01/cross-two.png]
[template.viserlab.com/callzen/demos/assets/images/home-01/moon.png]
[template.viserlab.com/callzen/demos/assets/images/home-01/cta-dots.png]
[template.viserlab.com/callzen/demos/assets/images/home-01/play-img.png]
[template.viserlab.com/callzen/demos/assets/images/home-01/play-img-border.png]
[template.viserlab.com/callzen/demos/assets/images/home-02/about-img.png]
[template.viserlab.com/callzen/demos/assets/images/home-02/about-img-border.png]
[template.viserlab.com/callzen/demos/assets/images/home-02/features-author-img.png]
[template.viserlab.com/callzen/demos/assets/images/home-02/features-author-signature.png]
[template.viserlab.com/callzen/demos/assets/images/home-02/features-img.png]
[template.viserlab.com/callzen/demos/assets/images/home-02/features-border.png]
[template.viserlab.com/callzen/demos/assets/images/home-02/estimonial-circle.png]
[template.viserlab.com/callzen/demos/assets/images/home-02/testimonial-left-img.png]
[template.viserlab.com/callzen/demos/assets/images/home-02/testimonials-02.png]
[template.viserlab.com/callzen/demos/assets/images/home-02/testimonials-03.png]
[template.viserlab.com/callzen/demos/assets/images/home-02/testimonials-04.png]
[template.viserlab.com/callzen/demos/assets/images/home-02/team-img-01.png]
[template.viserlab.com/callzen/demos/www.facebook.2c.delayed]
[template.viserlab.com/callzen/demos/www.twitter.com]
[template.viserlab.com/callzen/demos/www.linkedin.com]
[template.viserlab.com/callzen/demos/www.pinterest.com]
[template.viserlab.com/callzen/demos/assets/images/home-02/team-img-02.png]
[template.viserlab.com/callzen/demos/assets/images/home-02/team-img-03.png]
[template.viserlab.com/callzen/demos/assets/images/home-02/team-img-04.png]
[template.viserlab.com/callzen/demos/assets/images/home-01/shape-triangle.png]
[template.viserlab.com/callzen/demos/assets/images/home-02/mission-img.png]
[template.viserlab.com/callzen/demos/assets/images/home-02/mission-border.png]
[template.viserlab.com/callzen/demos/assets/images/home-01/cta-round.png]
[template.viserlab.com/callzen/demos/assets/images/home-01/cta-play.png]
[template.viserlab.com/callzen/demos/assets/images/home-01/cta-stair.png]
[template.viserlab.com/callzen/demos/assets/images/home-02/brand-01.png]
[template.viserlab.com/callzen/demos/assets/images/home-02/brand-02.png]
[template.viserlab.com/callzen/demos/assets/images/home-02/brand-03.png]
[template.viserlab.com/callzen/demos/assets/images/home-02/brand-04.png]
[template.viserlab.com/callzen/demos/assets/images/home-02/brand-05.png]
[template.viserlab.com/callzen/demos/assets/images/home-02/brand-06.png]
[template.viserlab.com/callzen/demos/assets/images/home-01/blog-img-01.png]
[template.viserlab.com/callzen/demos/assets/images/home-02/blog-border.png]
[template.viserlab.com/callzen/demos/assets/images/home-01/blog-img-02.png]
[template.viserlab.com/callzen/demos/assets/images/home-01/blog-img-03.png]
[template.viserlab.com/callzen/demos/assets/js/jquery-3.6.0.min.js]
[template.viserlab.com/callzen/demos/assets/js/popper.min.js]
[template.viserlab.com/callzen/demos/assets/js/bootstrap.min.js]
[template.viserlab.com/callzen/demos/assets/js/magnific-popup.min.js]
[template.viserlab.com/callzen/demos/assets/js/slick.min.js]
[template.viserlab.com/callzen/demos/assets/js/odometer.min.js]
[template.viserlab.com/callzen/demos/assets/js/viewport.jquery.js]
[template.viserlab.com/callzen/demos/index-two.html]
[template.viserlab.com/callzen/demos/assets/css/bootstrap.min.css]
[template.viserlab.com/callzen/demos/assets/js/main.js]
[template.viserlab.com/callzen/demos/assets/webfonts/fa-brands-400.woff2]
[template.viserlab.com/callzen/demos/assets/webfonts/fa-brands-400.ttf]
[template.viserlab.com/callzen/demos/assets/webfonts/fa-regular-400.woff2]
[template.viserlab.com/callzen/demos/assets/webfonts/fa-regular-400.ttf]
[template.viserlab.com/callzen/demos/assets/webfonts/fa-solid-900.woff2]
[template.viserlab.com/callzen/demos/assets/webfonts/fa-v4compatibility.woff2]
[template.viserlab.com/callzen/demos/assets/webfonts/fa-solid-900.ttf]
[template.viserlab.com/callzen/demos/assets/css/fontawesome-all.min.css]
[template.viserlab.com/callzen/demos/assets/webfonts/fa-v4compatibility.ttf]
[template.viserlab.com/callzen/demos/assets/fonts/la-brands-400.eot]
[template.viserlab.com/callzen/demos/assets/fonts/la-brands-400.woff2]
[template.viserlab.com/callzen/demos/assets/fonts/la-brands-400d41d.eot]
[template.viserlab.com/callzen/demos/assets/fonts/la-brands-400.woff]
[template.viserlab.com/callzen/demos/assets/fonts/la-brands-400.ttf]
[template.viserlab.com/callzen/demos/assets/fonts/la-regular-400.eot]
[template.viserlab.com/callzen/demos/assets/fonts/la-regular-400d41d.eot]
[template.viserlab.com/callzen/demos/assets/fonts/la-brands-400.svg]
[template.viserlab.com/callzen/demos/assets/fonts/la-regular-400.woff2]
[template.viserlab.com/callzen/demos/assets/fonts/la-regular-400.woff]
[template.viserlab.com/callzen/demos/assets/fonts/la-regular-400.ttf]
[template.viserlab.com/callzen/demos/assets/fonts/la-regular-400.svg]
[template.viserlab.com/callzen/demos/assets/fonts/la-solid-900.eot]
[template.viserlab.com/callzen/demos/assets/fonts/la-solid-900d41d.eot]
[template.viserlab.com/callzen/demos/assets/fonts/la-solid-900.woff2]
[template.viserlab.com/callzen/demos/assets/fonts/la-solid-900.woff]
[template.viserlab.com/callzen/demos/assets/fonts/la-solid-900.ttf]
[template.viserlab.com/callzen/demos/assets/css/line-awesome.min.css]
[template.viserlab.com/callzen/demos/assets/css/magnific-popup.css]
[template.viserlab.com/callzen/demos/assets/css/slick.css]
[template.viserlab.com/callzen/demos/assets/fonts/la-solid-900.svg]
[template.viserlab.com/callzen/demos/assets/fonts/icomoon0a5e.eot]
[template.viserlab.com/callzen/demos/assets/fonts/icomoon0a5e.ttf]
[template.viserlab.com/callzen/demos/assets/fonts/icomoon0a5e.woff]
[template.viserlab.com/callzen/demos/assets/css/flaticon.css]
[template.viserlab.com/callzen/demos/assets/css/odometer.css]
[template.viserlab.com/callzen/demos/assets/fonts/icomoon0a5e.svg]
[template.viserlab.com/callzen/demos/assets/images/home-02/blog-shape.png]
[template.viserlab.com/callzen/demos/assets/images/home-01/playshape.png]
[template.viserlab.com/callzen/demos/assets/images/home-02/about-shape.png]
[template.viserlab.com/callzen/demos/assets/images/home-02/features-shape.png]
[template.viserlab.com/callzen/demos/assets/images/home-02/mission-shape.png]
[template.viserlab.com/callzen/demos/assets/images/home-02/faq-shape.png]
[template.viserlab.com/callzen/demos/assets/images/home-01/contact-shape.png]
[template.viserlab.com/callzen/demos/assets/images/home-01/account-border.png]
[template.viserlab.com/callzen/demos/assets/css/style.css]
[template.viserlab.com/callzen/demos/login.html]
[template.viserlab.com/callzen/demos/assets/images/home-01/banner-vector.png]
[template.viserlab.com/callzen/demos/assets/images/home-01/arrow-base.png]
[template.viserlab.com/callzen/demos/assets/images/home-01/banner-img.png]
[template.viserlab.com/callzen/demos/assets/images/home-01/banner-arrow.png]
[template.viserlab.com/callzen/demos/assets/images/home-01/banner-message1.png]
[template.viserlab.com/callzen/demos/assets/images/home-01/banner-message.png]
[template.viserlab.com/callzen/demos/assets/images/home-01/shape-plus.png]
[template.viserlab.com/callzen/demos/assets/images/home-01/about-img.png]
[template.viserlab.com/callzen/demos/assets/images/home-01/arrow-base-two.png]
[template.viserlab.com/callzen/demos/assets/images/home-01/service-arrow.png]
[template.viserlab.com/callzen/demos/assets/images/home-01/feedback-bg.png]
[template.viserlab.com/callzen/demos/assets/images/home-01/client-img-01.png]
[template.viserlab.com/callzen/demos/assets/images/home-01/client-img-02.png]
[template.viserlab.com/callzen/demos/assets/images/home-01/client-img-03.png]
[template.viserlab.com/callzen/demos/assets/images/home-01/about-company-right-img.png]
[template.viserlab.com/callzen/demos/assets/images/home-01/about-company-left-img.png]
[template.viserlab.com/callzen/demos/assets/images/home-01/work-arrow.png]
[template.viserlab.com/callzen/demos/assets/images/home-01/pricing-arrow.png]
[template.viserlab.com/callzen/demos/assets/images/home-01/arrow-three.png]
[template.viserlab.com/callzen/demos/assets/images/logo/logo-footer.png]
[template.viserlab.com/callzen/demos/assets/images/home-01/footer-title-bg.png]
[template.viserlab.com/callzen/demos/index.html]
[template.viserlab.com/callzen/demos/about.html]
[template.viserlab.com/callzen/demos/services.html]
[template.viserlab.com/callzen/demos/assets/images/home-02/service-details-img.png]
[template.viserlab.com/callzen/demos/services-details.html]
[template.viserlab.com/callzen/demos/work.html]
[template.viserlab.com/callzen/demos/pricing.html]
[template.viserlab.com/callzen/demos/assets/images/home-02/faq-img.png]
[template.viserlab.com/callzen/demos/assets/images/home-02/faq-border.png]
[template.viserlab.com/callzen/demos/faq.html]
[template.viserlab.com/callzen/demos/assets/images/home-01/error.png]
[template.viserlab.com/callzen/demos/error.html]
[template.viserlab.com/callzen/demos/assets/images/home-01/blog-img-04.png]
[template.viserlab.com/callzen/demos/assets/images/home-01/blog-img-05.png]
[template.viserlab.com/callzen/demos/assets/images/home-01/blog-img-06.png]
[template.viserlab.com/callzen/demos/assets/images/home-01/blog-img-07.png]
[template.viserlab.com/callzen/demos/assets/images/home-01/blog-img-08.png]
[template.viserlab.com/callzen/demos/assets/images/home-01/blog-img-09.png]
[template.viserlab.com/callzen/demos/blog.html]
[template.viserlab.com/callzen/demos/blog-classic.html]
[template.viserlab.com/callzen/demos/blog-details.html]
[template.viserlab.com/callzen/demos/assets/images/home-01/contact-img.png]
[template.viserlab.com/callzen/demos/assets/images/home-01/contact-border.png]
[template.viserlab.com/callzen/demos/contact.html]
[template.viserlab.com/callzen/demos/assets/images/home-02/testimonial-circle.png]
[template.viserlab.com/callzen/demos/assets/images/home-01/account-img.png]
[template.viserlab.com/callzen/demos/registration.html]
[template.viserlab.com/callzen/demos/assets/images/home-02/estimonial-circle.html]
[template.viserlab.com/callzen/demos/www.facebook.html]
[template.viserlab.com/callzen/demos/www.twitter.html]
[template.viserlab.com/callzen/demos/www.linkedin.html]
[template.viserlab.com/callzen/demos/www.pinterest.html]
[template.viserlab.com/callzen/demos/assets/fonts/la-brands-400.svg]
[template.viserlab.com/callzen/demos/assets/fonts/la-regular-400.svg]
[template.viserlab.com/callzen/demos/assets/fonts/la-solid-900.svg]
[template.viserlab.com/callzen/demos/assets/fonts/icomoon0a5e.svg]
[template.viserlab.com/callzen/demos/login.html]
